
> vite_react_shadcn_ts@0.0.0 build
> vite build

[36mvite v5.4.21 [32mbuilding for production...[36m[39m
transforming...
[32mΓ£ô[39m 265 modules transformed.
npm : [31mx[39m Build failed in 4.84s
At line:1 char:1
+ npm run build > build_output.txt 2>&1
+ ~~~~~~~~~~~~~~~~~~~~~~~~~~~~~~~~~~~~~
    + CategoryInfo          : NotSpecifie 
   d: ([31mx[39m Build failed in 4.84s  
  :String) [], RemoteException
    + FullyQualifiedErrorId : NativeComma 
   ndError
 
[31merror during build:
[31m[vite:load-fallback] Could not load 
E:\Projects\Personal Portfolio\src/compone
nts/tools/ToolPageLayout (imported by 
src/pages/Tools/Cyber/HashGenerator.tsx): 
ENOENT: no such file or directory, open 
'E:\Projects\Personal Portfolio\src\compon
ents\tools\ToolPageLayout'[31m
    at async open 
(node:internal/fs/promises:639:25)
    at async Object.readFile 
(node:internal/fs/promises:1246:14)
    at async Object.load (file:///E:/Proje
cts/Personal%20Portfolio/node_modules/vite
/dist/node/chunks/dep-BK3b2jBa.js:65357:25
)
    at async 
PluginDriver.hookFirstAndGetPlugin (file:/
//E:/Projects/Personal%20Portfolio/node_mo
dules/rollup/dist/es/shared/node-entry.js:
20630:28)
    at async file:///E:/Projects/Personal%
20Portfolio/node_modules/rollup/dist/es/sh
ared/node-entry.js:19750:33
    at async Queue.work (file:///E:/Projec
ts/Personal%20Portfolio/node_modules/rollu
p/dist/es/shared/node-entry.js:20840:32)[
39m
